addeventlistener is not working while removing search